// Jest Snapshot v1, https://goo.gl/fbAQLP

exports[`Chatroom Tester Messages send correctly 1`] = `
<View
  onLayout={[Function]}
  style={
    Object {
      "flex": 1,
    }
  }
/>
`;
